tests/name_filter/test/abcd.txt
tests/name_filter/test/ab12345cd.txt
