tests/sample
tests/sample/test1
tests/sample/test1/aa.txt
